(1) Offset 0x3000D: Branch or jump instruction to a non-instruction.
(3) Offset 0x30019: Branch or jump instruction to a non-instruction.
(5) Offset 0x30035: Branch or jump instruction to a non-instruction.
(7) Offset 0x3005D: Branch or jump instruction to a non-instruction.
(9) Offset 0x300B0: Branch or jump instruction to a non-instruction.
(11) Offset 0x300C7: Branch or jump instruction to a non-instruction.
(13) Offset 0x300CF: Branch or jump instruction to a non-instruction.
(15) Offset 0x30121: Branch or jump instruction to a non-instruction.
(17) Offset 0x30124: Branch or jump instruction to a non-instruction.
(19) Offset 0x30131: Branch or jump instruction to a non-instruction.
(21) Offset 0x30138: Branch or jump instruction to a non-instruction.
(23) Offset 0x30142: Branch or jump instruction to a non-instruction.
(25) Offset 0x30149: Branch or jump instruction to a non-instruction.
(27) Offset 0x3014E: Branch or jump instruction to a non-instruction.
(29) Offset 0x30156: Branch or jump instruction to a non-instruction.
(31) Offset 0x30159: Branch or jump instruction to a non-instruction.
(33) Offset 0x301B0: Branch or jump instruction to a non-instruction.
(35) Offset 0x301C3: Branch or jump instruction to a non-instruction.
(37) Offset 0x301F2: Branch or jump instruction to a non-instruction.
(39) Offset 0x30203: Branch or jump instruction to a non-instruction.
(41) Offset 0x3020A: Branch or jump instruction to a non-instruction.
(43) Offset 0x30214: Branch or jump instruction to a non-instruction.
(45) Offset 0x3021B: Branch or jump instruction to a non-instruction.
(47) Offset 0x30232: Branch or jump instruction to a non-instruction.
(49) Offset 0x30243: Branch or jump instruction to a non-instruction.
(51) Offset 0x30255: Branch or jump instruction to a non-instruction.
(53) Offset 0x30258: Branch or jump instruction to a non-instruction.
(55) Offset 0x3025B: Branch or jump instruction to a non-instruction.
(57) Offset 0x30262: Branch or jump instruction to a non-instruction.
(59) Offset 0x30279: Branch or jump instruction to a non-instruction.
(61) Offset 0x3027E: Branch or jump instruction to a non-instruction.
(63) Offset 0x3028A: Branch or jump instruction to a non-instruction.
(65) Offset 0x30293: Branch or jump instruction to a non-instruction.
(67) Offset 0x3029A: Branch or jump instruction to a non-instruction.
(69) Offset 0x302B7: Branch or jump instruction to a non-instruction.
(71) Offset 0x302C5: Branch or jump instruction to a non-instruction.
(73) Offset 0x302CD: Branch or jump instruction to a non-instruction.
(75) Offset 0x302EB: Branch or jump instruction to a non-instruction.
(77) Offset 0x30304: Branch or jump instruction to a non-instruction.
(79) Offset 0x3031C: Branch or jump instruction to a non-instruction.
(81) Offset 0x30323: Branch or jump instruction to a non-instruction.
(83) Offset 0x30328: Branch or jump instruction to a non-instruction.
(85) Offset 0x3035B: Branch or jump instruction to a non-instruction.
(87) Offset 0x30365: Branch or jump instruction to a non-instruction.
(89) Offset 0x3038C: Branch or jump instruction to a non-instruction.
(91) Offset 0x3039A: Branch or jump instruction to a non-instruction.
(93) Offset 0x303A3: Branch or jump instruction to a non-instruction.
(95) Offset 0x303B1: Branch or jump instruction to a non-instruction.
(97) Offset 0x303B8: Branch or jump instruction to a non-instruction.
(99) Offset 0x303BF: Branch or jump instruction to a non-instruction.
(101) Offset 0x303CE: Branch or jump instruction to a non-instruction.
(103) Offset 0x303DC: Branch or jump instruction to a non-instruction.
(105) Offset 0x303F6: Branch or jump instruction to a non-instruction.
(107) Offset 0x30431: Branch or jump instruction to a non-instruction.
(109) Offset 0x30456: Branch or jump instruction to a non-instruction.
(111) Offset 0x30461: Branch or jump instruction to a non-instruction.
(113) Offset 0x30464: Branch or jump instruction to a non-instruction.
(115) Offset 0x304AD: Branch or jump instruction to a non-instruction.
(117) Offset 0x304BD: Branch or jump instruction to a non-instruction.
(119) Offset 0x304D5: Branch or jump instruction to a non-instruction.
(121) Offset 0x304DC: Branch or jump instruction to a non-instruction.
(123) Offset 0x304EB: Branch or jump instruction to a non-instruction.
(125) Offset 0x304FF: Branch or jump instruction to a non-instruction.
(127) Offset 0x30505: Branch or jump instruction to a non-instruction.
(129) Offset 0x30547: Branch or jump instruction to a non-instruction.
(131) Offset 0x30576: Branch or jump instruction to a non-instruction.
(133) Offset 0x30582: Branch or jump instruction to a non-instruction.
(135) Offset 0x3059D: Branch or jump instruction to a non-instruction.
(137) Offset 0x305C2: Branch or jump instruction to a non-instruction.
(139) Offset 0x305DC: Branch or jump instruction to a non-instruction.
(141) Offset 0x305DF: Branch or jump instruction to a non-instruction.
(143) Offset 0x305E2: Branch or jump instruction to a non-instruction.
(145) Offset 0x3060C: Branch or jump instruction to a non-instruction.
(147) Offset 0x30638: Branch or jump instruction to a non-instruction.
(149) Offset 0x3063E: Branch or jump instruction to a non-instruction.
(151) Offset 0x30644: Branch or jump instruction to a non-instruction.
(153) Offset 0x3064C: Branch or jump instruction to a non-instruction.
(155) Offset 0x30661: Branch or jump instruction to a non-instruction.
(157) Offset 0x3066E: Branch or jump instruction to a non-instruction.
(159) Offset 0x30676: Branch or jump instruction to a non-instruction.
(161) Offset 0x306B2: Branch or jump instruction to a non-instruction.
(163) Offset 0x306BA: Branch or jump instruction to a non-instruction.
(165) Offset 0x306DA: Branch or jump instruction to a non-instruction.
(167) Offset 0x3071C: Branch or jump instruction to a non-instruction.
(169) Offset 0x30741: Branch or jump instruction to a non-instruction.
(171) Offset 0x30764: Branch or jump instruction to a non-instruction.
(173) Offset 0x30787: Branch or jump instruction to a non-instruction.
(175) Offset 0x3078D: Branch or jump instruction to a non-instruction.
(177) Offset 0x307B7: Branch or jump instruction to a non-instruction.
(179) Offset 0x307CF: Branch or jump instruction to a non-instruction.
(181) Offset 0x307DA: Branch or jump instruction to a non-instruction.
(183) Offset 0x30808: Branch or jump instruction to a non-instruction.
(185) Offset 0x30841: Branch or jump instruction to a non-instruction.
(187) Offset 0x3086B: Branch or jump instruction to a non-instruction.
(189) Offset 0x3088F: Branch or jump instruction to a non-instruction.
(191) Offset 0x308D0: Branch or jump instruction to a non-instruction.
(193) Offset 0x30961: Branch or jump instruction to a non-instruction.
(195) Offset 0x3096C: Branch or jump instruction to a non-instruction.
(197) Offset 0x3096F: Branch or jump instruction to a non-instruction.
(199) Offset 0x30979: Branch or jump instruction to a non-instruction.
(201) Offset 0x30986: Branch or jump instruction to a non-instruction.
(203) Offset 0x30989: Branch or jump instruction to a non-instruction.
(205) Offset 0x30992: Branch or jump instruction to a non-instruction.
(207) Offset 0x309AC: Branch or jump instruction to a non-instruction.
(209) Offset 0x309BB: Branch or jump instruction to a non-instruction.
(211) Offset 0x309E2: Branch or jump instruction to a non-instruction.
(213) Offset 0x309E5: Branch or jump instruction to a non-instruction.
(215) Offset 0x309ED: Branch or jump instruction to a non-instruction.
(217) Offset 0x30A0E: Branch or jump instruction to a non-instruction.
(219) Offset 0x30A34: Branch or jump instruction to a non-instruction.
(221) Offset 0x30A5B: Branch or jump instruction to a non-instruction.
(223) Offset 0x30AE8: Branch or jump instruction to a non-instruction.
(225) Offset 0x30B1C: Branch or jump instruction to a non-instruction.
(227) Offset 0x30B39: Branch or jump instruction to a non-instruction.
(229) Offset 0x30B59: Branch or jump instruction to a non-instruction.
(231) Offset 0x30BA6: Branch or jump instruction to a non-instruction.
(233) Offset 0x30BAD: Branch or jump instruction to a non-instruction.
(235) Offset 0x30BD7: Branch or jump instruction to a non-instruction.
(237) Offset 0x30BDE: Branch or jump instruction to a non-instruction.
(239) Offset 0x30BEE: Branch or jump instruction to a non-instruction.
(241) Offset 0x30C09: Branch or jump instruction to a non-instruction.
(243) Offset 0x30C4A: Branch or jump instruction to a non-instruction.
(245) Offset 0x30C9A: Branch or jump instruction to a non-instruction.
(247) Offset 0x30CA0: Branch or jump instruction to a non-instruction.
(249) Offset 0x30CE2: Branch or jump instruction to a non-instruction.
(251) Offset 0x30D11: Branch or jump instruction to a non-instruction.
(253) Offset 0x30D1D: Branch or jump instruction to a non-instruction.
(255) Offset 0x30D33: Branch or jump instruction to a non-instruction.
(257) Offset 0x30D3A: Branch or jump instruction to a non-instruction.
(259) Offset 0x30D55: Branch or jump instruction to a non-instruction.
(261) Offset 0x30D6B: Branch or jump instruction to a non-instruction.
(263) Offset 0x30D6E: Branch or jump instruction to a non-instruction.
(265) Offset 0x30D71: Branch or jump instruction to a non-instruction.
(267) Offset 0x30D9B: Branch or jump instruction to a non-instruction.
(269) Offset 0x30E18: Branch or jump instruction to a non-instruction.
(271) Offset 0x30E72: Branch or jump instruction to a non-instruction.
(273) Offset 0x30E95: Branch or jump instruction to a non-instruction.
(275) Offset 0x30EB8: Branch or jump instruction to a non-instruction.
(277) Offset 0x30EBB: Branch or jump instruction to a non-instruction.
(279) Offset 0x30EC1: Branch or jump instruction to a non-instruction.
(281) Offset 0x30EE1: Branch or jump instruction to a non-instruction.
(283) Offset 0x30EE8: Branch or jump instruction to a non-instruction.
(285) Offset 0x30F02: Branch or jump instruction to a non-instruction.
(287) Offset 0x30F0C: Branch or jump instruction to a non-instruction.
(289) Offset 0x30F3B: Branch or jump instruction to a non-instruction.
(291) Offset 0x30F49: Branch or jump instruction to a non-instruction.
(293) Offset 0x30F63: Branch or jump instruction to a non-instruction.
(295) Offset 0x30FA9: Branch or jump instruction to a non-instruction.
(297) Offset 0x30FB6: Branch or jump instruction to a non-instruction.
(299) Offset 0x30FD3: Branch or jump instruction to a non-instruction.
(301) Offset 0x31007: Branch or jump instruction to a non-instruction.
(303) Offset 0x31014: Branch or jump instruction to a non-instruction.
(305) Offset 0x3101B: Branch or jump instruction to a non-instruction.
(307) Offset 0x31025: Branch or jump instruction to a non-instruction.
(309) Offset 0x3102C: Branch or jump instruction to a non-instruction.
(311) Offset 0x31040: Branch or jump instruction to a non-instruction.
(313) Offset 0x31091: Branch or jump instruction to a non-instruction.
(315) Offset 0x31096: Branch or jump instruction to a non-instruction.
(317) Offset 0x310AA: Branch or jump instruction to a non-instruction.
(319) Offset 0x310AD: Branch or jump instruction to a non-instruction.
(321) Offset 0x310B3: Branch or jump instruction to a non-instruction.
(323) Offset 0x310CC: Branch or jump instruction to a non-instruction.
(325) Offset 0x310E1: Branch or jump instruction to a non-instruction.
(327) Offset 0x3110D: Branch or jump instruction to a non-instruction.
(329) Offset 0x31122: Branch or jump instruction to a non-instruction.
(331) Offset 0x31160: Branch or jump instruction to a non-instruction.
(333) Offset 0x3116A: Branch or jump instruction to a non-instruction.
(335) Offset 0x3116D: Branch or jump instruction to a non-instruction.
(337) Offset 0x3118E: Branch or jump instruction to a non-instruction.
(339) Offset 0x311C4: Branch or jump instruction to a non-instruction.
(341) Offset 0x311D4: Branch or jump instruction to a non-instruction.
(343) Offset 0x311DB: Branch or jump instruction to a non-instruction.
(345) Offset 0x311EE: Branch or jump instruction to a non-instruction.
(347) Offset 0x311FA: Branch or jump instruction to a non-instruction.
(349) Offset 0x31209: Branch or jump instruction to a non-instruction.
(351) Offset 0x31221: Branch or jump instruction to a non-instruction.
(353) Offset 0x3122E: Branch or jump instruction to a non-instruction.
(355) Offset 0x31234: Branch or jump instruction to a non-instruction.
(357) Offset 0x31276: Branch or jump instruction to a non-instruction.
(359) Offset 0x312A5: Branch or jump instruction to a non-instruction.
(361) Offset 0x312B1: Branch or jump instruction to a non-instruction.
(363) Offset 0x312CC: Branch or jump instruction to a non-instruction.
(365) Offset 0x312F1: Branch or jump instruction to a non-instruction.
(367) Offset 0x3130B: Branch or jump instruction to a non-instruction.
(369) Offset 0x3130E: Branch or jump instruction to a non-instruction.
(371) Offset 0x31311: Branch or jump instruction to a non-instruction.
(373) Offset 0x3133B: Branch or jump instruction to a non-instruction.
(375) Offset 0x3135E: Branch or jump instruction to a non-instruction.
(377) Offset 0x31364: Branch or jump instruction to a non-instruction.
(379) Offset 0x31385: Branch or jump instruction to a non-instruction.
(381) Offset 0x313A9: Branch or jump instruction to a non-instruction.
(383) Offset 0x313B3: Branch or jump instruction to a non-instruction.
(385) Offset 0x313C2: Branch or jump instruction to a non-instruction.
(387) Offset 0x313DB: Branch or jump instruction to a non-instruction.
(389) Offset 0x313F7: Branch or jump instruction to a non-instruction.
(391) Offset 0x31413: Branch or jump instruction to a non-instruction.
(393) Offset 0x31426: Branch or jump instruction to a non-instruction.
(395) Offset 0x31433: Branch or jump instruction to a non-instruction.
(397) Offset 0x31496: Branch or jump instruction to a non-instruction.
(399) Offset 0x314A7: Branch or jump instruction to a non-instruction.
(401) Offset 0x314AE: Branch or jump instruction to a non-instruction.
(403) Offset 0x314D5: Branch or jump instruction to a non-instruction.
(405) Offset 0x314F1: Branch or jump instruction to a non-instruction.
(407) Offset 0x314FC: Branch or jump instruction to a non-instruction.
(409) Offset 0x31520: Branch or jump instruction to a non-instruction.
(411) Offset 0x31528: Branch or jump instruction to a non-instruction.
(413) Offset 0x31561: Branch or jump instruction to a non-instruction.
(415) Offset 0x315C9: Branch or jump instruction to a non-instruction.
(417) Offset 0x315DC: Branch or jump instruction to a non-instruction.
(419) Offset 0x315F3: Branch or jump instruction to a non-instruction.
(421) Offset 0x31611: Branch or jump instruction to a non-instruction.
(423) Offset 0x3161E: Branch or jump instruction to a non-instruction.
(425) Offset 0x31632: Branch or jump instruction to a non-instruction.
(427) Offset 0x31639: Branch or jump instruction to a non-instruction.
(429) Offset 0x31650: Branch or jump instruction to a non-instruction.
(431) Offset 0x31667: Branch or jump instruction to a non-instruction.
(433) Offset 0x31690: Branch or jump instruction to a non-instruction.
(435) Offset 0x31697: Branch or jump instruction to a non-instruction.
(437) Offset 0x316F6: Branch or jump instruction to a non-instruction.
(439) Offset 0x316FB: Branch or jump instruction to a non-instruction.
(441) Offset 0x31759: Branch or jump instruction to a non-instruction.
(443) Offset 0x31784: Branch or jump instruction to a non-instruction.
(445) Offset 0x3178B: Branch or jump instruction to a non-instruction.
(447) Offset 0x3179E: Branch or jump instruction to a non-instruction.
(449) Offset 0x317D1: Branch or jump instruction to a non-instruction.
(451) Offset 0x317F9: Branch or jump instruction to a non-instruction.
(453) Offset 0x31800: Branch or jump instruction to a non-instruction.
(455) Offset 0x31810: Branch or jump instruction to a non-instruction.
(457) Offset 0x3182D: Branch or jump instruction to a non-instruction.
(459) Offset 0x31848: Branch or jump instruction to a non-instruction.
(461) Offset 0x31873: Branch or jump instruction to a non-instruction.
(463) Offset 0x3187A: Branch or jump instruction to a non-instruction.
(465) Offset 0x31881: Branch or jump instruction to a non-instruction.
(467) Offset 0x31886: Branch or jump instruction to a non-instruction.
(469) Offset 0x3188B: Branch or jump instruction to a non-instruction.
(471) Offset 0x3189D: Branch or jump instruction to a non-instruction.
(473) Offset 0x318AD: Branch or jump instruction to a non-instruction.
(475) Offset 0x318D6: Branch or jump instruction to a non-instruction.
(477) Offset 0x318E6: Branch or jump instruction to a non-instruction.
(479) Offset 0x318ED: Branch or jump instruction to a non-instruction.
(481) Offset 0x318FD: Branch or jump instruction to a non-instruction.
(483) Offset 0x3190B: Branch or jump instruction to a non-instruction.
(485) Offset 0x3192C: Branch or jump instruction to a non-instruction.
(487) Offset 0x31933: Branch or jump instruction to a non-instruction.
(489) Offset 0x3195E: Branch or jump instruction to a non-instruction.
(491) Offset 0x319E4: Branch or jump instruction to a non-instruction.
(493) Offset 0x319F9: Branch or jump instruction to a non-instruction.
(495) Offset 0x31A12: Branch or jump instruction to a non-instruction.
(497) Offset 0x31A1C: Branch or jump instruction to a non-instruction.
(499) Offset 0x38C2D: Branch or jump instruction to a non-instruction.
(501) Offset 0x39C18: Branch or jump instruction to a non-instruction.
(503) Offset 0x39C1C: Branch or jump instruction to a non-instruction.
(505) Offset 0x39C21: Branch or jump instruction to a non-instruction.
(507) Offset 0x39C87: Branch or jump instruction to a non-instruction.
(509) Offset 0x3AA15: Branch or jump instruction to a non-instruction.
(511) Offset 0x3AA1E: Branch or jump instruction to a non-instruction.
(513) Offset 0x3C071: Branch or jump instruction to a non-instruction.
(515) Offset 0x3C097: Branch or jump instruction to a non-instruction.
(517) Offset 0x3C0AC: Branch or jump instruction to a non-instruction.
(519) Offset 0x3C0E4: Branch or jump instruction to a non-instruction.
(521) Offset 0x3C7E3: Branch or jump instruction to a non-instruction.
(523) Offset 0x3C851: Branch or jump instruction to a non-instruction.
(525) Offset 0x3C8C9: Branch or jump instruction to a non-instruction.
(527) Offset 0x3C8FD: Branch or jump instruction to a non-instruction.
(529) Offset 0x3C90F: Branch or jump instruction to a non-instruction.
(531) Offset 0x3CF11: Branch or jump instruction to a non-instruction.
(533) Offset 0x3FCC4: Branch or jump instruction to a non-instruction.
